Deleted rule files from .rules/starter/nextjs-rules
Rule 'starter/nextjs-rules' (version <VERSION_PLACEHOLDER>) removed successfully
