You are not currently authenticated.
Use 'rules login' to authenticate.
