Downloading rule 'starter/nextjs-rules' (version 0.0.1) from registry API...
Rule 'starter/nextjs-rules' (version 0.0.1) added successfully
