This will remove all existing rules in '.rules' and reinstall them from rules.json.
Continue? (y/N): Installation cancelled.
